# Mods this suite asserts on, staged and activated into the WSL game by
# scripts/stage-pickle-wsl.sh.
#
# They are not dependencies and must never become any: this mod declares none on purpose, and a
# correction whose target is absent does nothing. But a suite that checks corrections has to have
# something to correct, and the staging script does not copy loadAfter - rightly, since thirty
# source mods would be a whole scenery to drag along. These three are the ones the scenarios name.
#
# A line may be prefixed `first:` to load that mod ahead of Harmony. None here needs it: these
# three are content mods, and the order that matters for this suite is the one the scenarios
# assert on, below Nelim's Tech Level Fixes.
#
# packageId                         workshopId   what the scenarios use it for
sarg.alphabooks                     3403180654   # a def with no techLevel anywhere: the add branch fires into a gap
LadyElizabeth.AdditionalToolsMod    1443002973   # Bucket_Generic declares Industrial itself: the replace branch fires
zal.ancientamulets                  2955419294   # 36 defs inherit Medieval from AmuletBase: the add branch lands beside an inherited value
